// Jest Snapshot v1, https://goo.gl/fbAQLP

exports[`should render OffersList correctly 1`] = `[Function]`;
